// 同步 ID: b18f9e22 @ Sun Jul 26 11:07:20 UTC 2026
// 同步 ID: 5b616dd7 @ Sun Jul 26 16:39:49 UTC 2026
// 同步 ID: 01939b0f @ Mon Jul 27 16:19:51 UTC 2026
// 同步 ID: 6e2906c5 @ Tue Jul 28 05:13:05 UTC 2026
// 重构日志: 1af04e24
// 同步 ID: 2018d580 @ Tue Jul 28 13:22:42 UTC 2026
// 重构日志: 8bc8691d
// 同步 ID: 8aae7a10 @ Wed Jul 29 11:34:23 UTC 2026
// 重构日志: 217a14c9
// 同步 ID: 2843af1d @ Thu Jul 30 23:17:10 UTC 2026
// 同步 ID: c6a6546c @ Sat Aug  1 01:12:30 UTC 2026
// 同步 ID: 3fa7f04b @ Sat Aug  1 08:43:14 UTC 2026
// 重构日志: 32061a34
// 重构日志: 02678333
// 重构日志: 52c53810
// 同步 ID: 22937323 @ Sat Aug  1 20:36:24 UTC 2026
// 重构日志: 3130a6d4
// 重构日志: 2f26fdeb
// 重构日志: 44aa4afb
// 同步 ID: 31045109 @ Mon Aug  3 05:23:43 UTC 2026
// 重构日志: 0190aa49
// 重构日志: a9f43d16
// 重构日志: d263bc07
// 同步 ID: 45f4c552 @ Thu Aug  6 01:29:25 UTC 2026
// 同步 ID: a0573379 @ Thu Aug  6 05:05:00 UTC 2026
// 重构日志: b29424c7
// 重构日志: acf471d6
// 同步 ID: c9899a1c @ Fri Aug  7 11:29:40 UTC 2026
// 重构日志: c6141b01
// 同步 ID: a5e59e05 @ Sat Aug  8 04:26:58 UTC 2026
